Clone repo to local
$cd~
$ mkdir repos
$ cd ~/repos
$ git clone SHH URL
fatal: could not read
Password for ': No such file or directory
$ git config --global core.askpass
$ cd ~/repos
$ git clone URL
Cloning into 'bitbucketstationlocations'...
Password
warning: You appear to have cloned an empty repository.
$ls 

Add file to local and add to github
$ cd ~/repos/stationlocations/
$ echo "Earth's Moon" >> locations.txt
$ git status 
 On branch main
 Initial commit
 Untracked files:
   (use "git add <file>..." to include in what will be committed)
     locations.txt
 nothing added to commit but untracked files present (use "git add" to track)
$ git add locations.txt
$ git status 
 On branch main
 Initial commit
 Changes to be committed:
   (use "git rm --cached <file>..." to unstage)
     new file: locations.txt
$ git commit -m 'Initial commit' 
 [main (root-commit) fedc3d3] Initial commit
  1 file changed, 1 insertion(+)
  create mode 100644 locations.txt
$ git push origin main 
 Counting objects: 3, done.
 Writing objects: 100% (3/3), 253 bytes | 0 bytes/s, done.
 Total 3 (delta 0), reused 0 (delta 0) To URL  * [new branch] main -> main
 Branch main set up to track remote branch main from origin.

Pull changes from a remote repo
$ cd ~/repos/stationlocations/
$ git pull --all
 Fetching origin
 remote: Counting objects: 3, done.
 remote: Compressing objects: 100% (3/3), done.
 remote: Total 3 (delta 0), reused 0 (delta 0)
 Unpacking objects: 100% (3/3), done.
 From URL main -> origin/main
 Updating fe5a280..fcbeeb0
 Fast-forward
  stationlocations | 5 ++++++++++++++
  1 file changed, 5 insertions(+)
  create mode 100644 stationlocations

Create a branch and make a change
cd ~/repos/stationlocations/
$ git branch future-plans
$ git checkout future-plans 
Switched to branch 'future-plans'
Make a change to file
Save and close
$ git status 
On branch future-plans
Changes not staged for commit:
 (use "git add <file>..." to update what will be committed)
 (use "git checkout -- <file>..." to discard changes in working directory)
   modified: stationlocations
no changes added to commit (use "git add" and/or "git commit -a")
$ git add stationlocations
$ git commit stationlocations -m 'making a change in a branch' 
[future-plans e3b7732] making a change in a branch
1 file changed, 4 insertions(+)

Merge branch
$ cd ~/repos/stationlocations/
$ git status 
On branch future-plans
nothing to commit, working d
$ git checkout main 
Switched to branch 'main'
Your branch is up-to-date with 'origin/main'.
irectory clean
$ git merge future-plans 
Updating fcbeeb0..e3b7732
Fast-forward
stationlocations | 4 ++++
1 file changed, 4 insertions(+)
$ git branch -d future-plans 
Deleted branch future-plans (was e3b7732)
$ git status 
On branch main
Your branch is ahead of 'origin/main' by 1 commit.
 (use "git push" to publish your local commits)
nothing to commit, working directory clean

Push to Github
$ git push origin main
Counting objects: 3, done.
Delta compression using up to 8 threads.
Compressing objects: 100% (3/3), done.
Writing objects: 100% (3/3), 401 bytes | 0 bytes/s, done.
Total 3 (delta 0), reused 0 (delta 0)
To URL main -> main
